[    3124ms] [VERBOSE] [DOM] Input elements should have autocomplete attributes (suggested: "current-password"): (More info: https://goo.gl/9p2vKq) %o @ http://localhost:3001/sign-in:0
[    3178ms] [INFO] %cDownload the React DevTools for a better development experience: https://react.dev/link/react-devtools font-weight:bold @ http://localhost:3001/_next/static/chunks/node_modules_next_dist_115brz8._.js:2431
[    3238ms] [LOG] [HMR] connected @ http://localhost:3001/_next/static/chunks/node_modules_next_dist_115brz8._.js:2431
[    3595ms] [ERROR] Access to fetch at 'https://alfrhelp-web-staging.up.railway.app/api/widget/site-info?site_id=6270b1bc-b08d-4c63-aabc-e02d97f0c252' from origin 'http://localhost:3001' has been blocked by CORS policy: No 'Access-Control-Allow-Origin' header is present on the requested resource. @ http://localhost:3001/sign-in:0
[    3596ms] [ERROR] Failed to load resource: net::ERR_FAILED @ https://alfrhelp-web-staging.up.railway.app/api/widget/site-info?site_id=6270b1bc-b08d-4c63-aabc-e02d97f0c252:0
[   18423ms] [LOG] [Fast Refresh] rebuilding @ http://localhost:3001/_next/static/chunks/node_modules_next_dist_115brz8._.js:2431
[   18648ms] [LOG] [Fast Refresh] done in 326ms @ http://localhost:3001/_next/static/chunks/node_modules_next_dist_115brz8._.js:2431
[   18780ms] [LOG] [Fast Refresh] rebuilding @ http://localhost:3001/_next/static/chunks/node_modules_next_dist_115brz8._.js:2431
[   19158ms] [LOG] [Fast Refresh] done in 479ms @ http://localhost:3001/_next/static/chunks/node_modules_next_dist_115brz8._.js:2431
[   19278ms] [LOG] [Fast Refresh] rebuilding @ http://localhost:3001/_next/static/chunks/node_modules_next_dist_115brz8._.js:2431
[   19290ms] [LOG] [Fast Refresh] done in 112ms @ http://localhost:3001/_next/static/chunks/node_modules_next_dist_115brz8._.js:2431
[   27966ms] [LOG] [Fast Refresh] rebuilding @ http://localhost:3001/_next/static/chunks/node_modules_next_dist_115brz8._.js:2431
[   28352ms] [LOG] [Fast Refresh] done in 487ms @ http://localhost:3001/_next/static/chunks/node_modules_next_dist_115brz8._.js:2431
[   28523ms] [LOG] [Fast Refresh] rebuilding @ http://localhost:3001/_next/static/chunks/node_modules_next_dist_115brz8._.js:2431
[   29048ms] [LOG] [Fast Refresh] done in 626ms @ http://localhost:3001/_next/static/chunks/node_modules_next_dist_115brz8._.js:2431
[   62276ms] [ERROR] WebSocket connection to 'ws://localhost:3001/_next/webpack-hmr?id=3-PrfpQmPjYCXQLLyE1t-' failed: Error in connection establishment: net::ERR_CONNECTION_REFUSED @ http://localhost:3001/_next/static/chunks/node_modules_next_dist_client_0fhqo1d._.js:13299
[   63278ms] [ERROR] WebSocket connection to 'ws://localhost:3001/_next/webpack-hmr?id=3-PrfpQmPjYCXQLLyE1t-' failed: Error in connection establishment: net::ERR_CONNECTION_REFUSED @ http://localhost:3001/_next/static/chunks/node_modules_next_dist_client_0fhqo1d._.js:13299
[   64279ms] [ERROR] WebSocket connection to 'ws://localhost:3001/_next/webpack-hmr?id=3-PrfpQmPjYCXQLLyE1t-' failed: Error in connection establishment: net::ERR_CONNECTION_REFUSED @ http://localhost:3001/_next/static/chunks/node_modules_next_dist_client_0fhqo1d._.js:13299
[   65282ms] [ERROR] WebSocket connection to 'ws://localhost:3001/_next/webpack-hmr?id=3-PrfpQmPjYCXQLLyE1t-' failed: Error in connection establishment: net::ERR_CONNECTION_REFUSED @ http://localhost:3001/_next/static/chunks/node_modules_next_dist_client_0fhqo1d._.js:13299
[   66285ms] [ERROR] WebSocket connection to 'ws://localhost:3001/_next/webpack-hmr?id=3-PrfpQmPjYCXQLLyE1t-' failed: Error in connection establishment: net::ERR_CONNECTION_REFUSED @ http://localhost:3001/_next/static/chunks/node_modules_next_dist_client_0fhqo1d._.js:13299
[   71287ms] [ERROR] WebSocket connection to 'ws://localhost:3001/_next/webpack-hmr?id=3-PrfpQmPjYCXQLLyE1t-' failed: Error in connection establishment: net::ERR_CONNECTION_REFUSED @ http://localhost:3001/_next/static/chunks/node_modules_next_dist_client_0fhqo1d._.js:13299
[   76289ms] [ERROR] WebSocket connection to 'ws://localhost:3001/_next/webpack-hmr?id=3-PrfpQmPjYCXQLLyE1t-' failed: Error in connection establishment: net::ERR_CONNECTION_REFUSED @ http://localhost:3001/_next/static/chunks/node_modules_next_dist_client_0fhqo1d._.js:13299
[   81293ms] [ERROR] WebSocket connection to 'ws://localhost:3001/_next/webpack-hmr?id=3-PrfpQmPjYCXQLLyE1t-' failed: Error in connection establishment: net::ERR_CONNECTION_REFUSED @ http://localhost:3001/_next/static/chunks/node_modules_next_dist_client_0fhqo1d._.js:13299
[   86298ms] [ERROR] WebSocket connection to 'ws://localhost:3001/_next/webpack-hmr?id=3-PrfpQmPjYCXQLLyE1t-' failed: Error in connection establishment: net::ERR_CONNECTION_REFUSED @ http://localhost:3001/_next/static/chunks/node_modules_next_dist_client_0fhqo1d._.js:13299
[   91302ms] [ERROR] WebSocket connection to 'ws://localhost:3001/_next/webpack-hmr?id=3-PrfpQmPjYCXQLLyE1t-' failed: Error in connection establishment: net::ERR_CONNECTION_REFUSED @ http://localhost:3001/_next/static/chunks/node_modules_next_dist_client_0fhqo1d._.js:13299
[   96309ms] [ERROR] WebSocket connection to 'ws://localhost:3001/_next/webpack-hmr?id=3-PrfpQmPjYCXQLLyE1t-' failed: Error in connection establishment: net::ERR_CONNECTION_REFUSED @ http://localhost:3001/_next/static/chunks/node_modules_next_dist_client_0fhqo1d._.js:13299
[  101312ms] [ERROR] WebSocket connection to 'ws://localhost:3001/_next/webpack-hmr?id=3-PrfpQmPjYCXQLLyE1t-' failed: Error in connection establishment: net::ERR_CONNECTION_REFUSED @ http://localhost:3001/_next/static/chunks/node_modules_next_dist_client_0fhqo1d._.js:13299
